------------------------------------------------------------
TimeQuest Timing Analyzer Summary
------------------------------------------------------------

Type  : Slow 1200mV 85C Model Setup 'clk50Mhz'
Slack : -4.148
TNS   : -411.643

Type  : Slow 1200mV 85C Model Setup 'BOUD_RATE:3|fout'
Slack : -4.147
TNS   : -80.182

Type  : Slow 1200mV 85C Model Setup 'rx:5|data[2]'
Slack : -2.805
TNS   : -10.684

Type  : Slow 1200mV 85C Model Hold 'clk50Mhz'
Slack : 0.324
TNS   : 0.000

Type  : Slow 1200mV 85C Model Hold 'BOUD_RATE:3|fout'
Slack : 0.340
TNS   : 0.000

Type  : Slow 1200mV 85C Model Hold 'rx:5|data[2]'
Slack : 1.342
TNS   : 0.000

Type  : Slow 1200mV 85C Model Recovery 'rx:5|data[2]'
Slack : -2.964
TNS   : -10.193

Type  : Slow 1200mV 85C Model Recovery 'esp_tx'
Slack : -1.847
TNS   : -1.847

Type  : Slow 1200mV 85C Model Recovery 'BOUD_RATE:3|fout'
Slack : -1.539
TNS   : -26.115

Type  : Slow 1200mV 85C Model Recovery 'clk50Mhz'
Slack : -0.976
TNS   : -49.027

Type  : Slow 1200mV 85C Model Removal 'clk50Mhz'
Slack : 0.714
TNS   : 0.000

Type  : Slow 1200mV 85C Model Removal 'rx:5|data[2]'
Slack : 1.024
TNS   : 0.000

Type  : Slow 1200mV 85C Model Removal 'BOUD_RATE:3|fout'
Slack : 1.480
TNS   : 0.000

Type  : Slow 1200mV 85C Model Removal 'esp_tx'
Slack : 1.654
TNS   : 0.000

Type  : Slow 1200mV 85C Model Minimum Pulse Width 'clk50Mhz'
Slack : -3.000
TNS   : -235.898

Type  : Slow 1200mV 85C Model Minimum Pulse Width 'esp_tx'
Slack : -3.000
TNS   : -4.403

Type  : Slow 1200mV 85C Model Minimum Pulse Width 'BOUD_RATE:3|fout'
Slack : -1.403
TNS   : -49.105

Type  : Slow 1200mV 85C Model Minimum Pulse Width 'rx:5|data[2]'
Slack : 0.348
TNS   : 0.000

Type  : Slow 1200mV 0C Model Setup 'BOUD_RATE:3|fout'
Slack : -3.927
TNS   : -72.776

Type  : Slow 1200mV 0C Model Setup 'clk50Mhz'
Slack : -3.773
TNS   : -366.820

Type  : Slow 1200mV 0C Model Setup 'rx:5|data[2]'
Slack : -2.645
TNS   : -10.210

Type  : Slow 1200mV 0C Model Hold 'clk50Mhz'
Slack : 0.291
TNS   : 0.000

Type  : Slow 1200mV 0C Model Hold 'BOUD_RATE:3|fout'
Slack : 0.306
TNS   : 0.000

Type  : Slow 1200mV 0C Model Hold 'rx:5|data[2]'
Slack : 1.243
TNS   : 0.000

Type  : Slow 1200mV 0C Model Recovery 'rx:5|data[2]'
Slack : -2.679
TNS   : -9.401

Type  : Slow 1200mV 0C Model Recovery 'esp_tx'
Slack : -1.574
TNS   : -1.574

Type  : Slow 1200mV 0C Model Recovery 'BOUD_RATE:3|fout'
Slack : -1.328
TNS   : -22.424

Type  : Slow 1200mV 0C Model Recovery 'clk50Mhz'
Slack : -0.818
TNS   : -39.515

Type  : Slow 1200mV 0C Model Removal 'clk50Mhz'
Slack : 0.655
TNS   : 0.000

Type  : Slow 1200mV 0C Model Removal 'rx:5|data[2]'
Slack : 0.960
TNS   : 0.000

Type  : Slow 1200mV 0C Model Removal 'BOUD_RATE:3|fout'
Slack : 1.359
TNS   : 0.000

Type  : Slow 1200mV 0C Model Removal 'esp_tx'
Slack : 1.490
TNS   : 0.000

Type  : Slow 1200mV 0C Model Minimum Pulse Width 'clk50Mhz'
Slack : -3.000
TNS   : -235.898

Type  : Slow 1200mV 0C Model Minimum Pulse Width 'esp_tx'
Slack : -3.000
TNS   : -4.403

Type  : Slow 1200mV 0C Model Minimum Pulse Width 'BOUD_RATE:3|fout'
Slack : -1.403
TNS   : -49.105

Type  : Slow 1200mV 0C Model Minimum Pulse Width 'rx:5|data[2]'
Slack : 0.319
TNS   : 0.000

Type  : Fast 1200mV 0C Model Setup 'BOUD_RATE:3|fout'
Slack : -1.737
TNS   : -27.109

Type  : Fast 1200mV 0C Model Setup 'clk50Mhz'
Slack : -1.257
TNS   : -88.231

Type  : Fast 1200mV 0C Model Setup 'rx:5|data[2]'
Slack : -0.931
TNS   : -2.825

Type  : Fast 1200mV 0C Model Hold 'clk50Mhz'
Slack : 0.142
TNS   : 0.000

Type  : Fast 1200mV 0C Model Hold 'BOUD_RATE:3|fout'
Slack : 0.147
TNS   : 0.000

Type  : Fast 1200mV 0C Model Hold 'rx:5|data[2]'
Slack : 0.279
TNS   : 0.000

Type  : Fast 1200mV 0C Model Recovery 'rx:5|data[2]'
Slack : -1.036
TNS   : -3.558

Type  : Fast 1200mV 0C Model Recovery 'esp_tx'
Slack : -0.386
TNS   : -0.386

Type  : Fast 1200mV 0C Model Recovery 'BOUD_RATE:3|fout'
Slack : -0.086
TNS   : -1.345

Type  : Fast 1200mV 0C Model Recovery 'clk50Mhz'
Slack : 0.057
TNS   : 0.000

Type  : Fast 1200mV 0C Model Removal 'rx:5|data[2]'
Slack : 0.144
TNS   : 0.000

Type  : Fast 1200mV 0C Model Removal 'clk50Mhz'
Slack : 0.310
TNS   : 0.000

Type  : Fast 1200mV 0C Model Removal 'BOUD_RATE:3|fout'
Slack : 0.628
TNS   : 0.000

Type  : Fast 1200mV 0C Model Removal 'esp_tx'
Slack : 0.838
TNS   : 0.000

Type  : Fast 1200mV 0C Model Minimum Pulse Width 'clk50Mhz'
Slack : -3.000
TNS   : -175.299

Type  : Fast 1200mV 0C Model Minimum Pulse Width 'esp_tx'
Slack : -3.000
TNS   : -4.013

Type  : Fast 1200mV 0C Model Minimum Pulse Width 'BOUD_RATE:3|fout'
Slack : -1.000
TNS   : -35.000

Type  : Fast 1200mV 0C Model Minimum Pulse Width 'rx:5|data[2]'
Slack : 0.434
TNS   : 0.000

------------------------------------------------------------
